MPLINK 5.08, LINKER
Linker Map File - Created Mon Oct 10 18:09:41 2016

                                 Section Info
                  Section       Type    Address   Location Size(Bytes)
                ---------  ---------  ---------  ---------  ---------
                   .org_0       code   0x000000    program   0x000006
                   .cinit    romdata   0x000006    program   0x000002
                   .org_1       code   0x000008    program   0x000004
                   .org_2       code   0x000018    program   0x000138
.config_300000_BUILD/DEFAULT/PRODUCTION/BJELLA_    romdata   0x300000    program   0x000001
.config_300001_BUILD/DEFAULT/PRODUCTION/BJELLA_    romdata   0x300001    program   0x000001
.config_300002_BUILD/DEFAULT/PRODUCTION/BJELLA_    romdata   0x300002    program   0x000001
.config_300003_BUILD/DEFAULT/PRODUCTION/BJELLA_    romdata   0x300003    program   0x000001
.config_300005_BUILD/DEFAULT/PRODUCTION/BJELLA_    romdata   0x300005    program   0x000001



                              Program Memory Usage 
                               Start         End      
                           ---------   ---------      
                            0x000000    0x00000b      
                            0x000018    0x00014f      
                            0x300000    0x300003      
                            0x300005    0x300005      
            329 out of 132120 program addresses used, program memory utilization is 0%



                              Symbols - Sorted by Name
                     Name    Address   Location    Storage File                     
                ---------  ---------  ---------  --------- ---------                
                  CLRVAL1   0x00010c    program     static C:\repos\school\asen5519\lab4.X\bjella_lab4.asm
                Check_SW1   0x0000fe    program     static C:\repos\school\asen5519\lab4.X\bjella_lab4.asm
                 DisplayC   0x000110    program     static C:\repos\school\asen5519\lab4.X\bjella_lab4.asm
                  InitLCD   0x000086    program     static C:\repos\school\asen5519\lab4.X\bjella_lab4.asm
                  Initial   0x00003e    program     static C:\repos\school\asen5519\lab4.X\bjella_lab4.asm
                       L5   0x00008a    program     static C:\repos\school\asen5519\lab4.X\bjella_lab4.asm
                       L6   0x00009c    program     static C:\repos\school\asen5519\lab4.X\bjella_lab4.asm
                       L7   0x00011a    program     static C:\repos\school\asen5519\lab4.X\bjella_lab4.asm
                   LCDstr   0x000136    program     static C:\repos\school\asen5519\lab4.X\bjella_lab4.asm
                     Loop   0x00001e    program     static C:\repos\school\asen5519\lab4.X\bjella_lab4.asm
                Loop0d2ms   0x0000dc    program     static C:\repos\school\asen5519\lab4.X\bjella_lab4.asm
                    Loop1   0x000024    program     static C:\repos\school\asen5519\lab4.X\bjella_lab4.asm
                  Loop1ms   0x0000f4    program     static C:\repos\school\asen5519\lab4.X\bjella_lab4.asm
                    Loop2   0x0000c6    program     static C:\repos\school\asen5519\lab4.X\bjella_lab4.asm
                   MSUNIT   0x00014c    program     static C:\repos\school\asen5519\lab4.X\bjella_lab4.asm
                 Mainline   0x00001c    program     static C:\repos\school\asen5519\lab4.X\bjella_lab4.asm
                     NAME   0x00013e    program     static C:\repos\school\asen5519\lab4.X\bjella_lab4.asm
                     PWEQ   0x000146    program     static C:\repos\school\asen5519\lab4.X\bjella_lab4.asm
                Wait0d2ms   0x0000ce    program     static C:\repos\school\asen5519\lab4.X\bjella_lab4.asm
                  Wait1ms   0x0000e6    program     static C:\repos\school\asen5519\lab4.X\bjella_lab4.asm
                 Wait1sec   0x0000b8    program     static C:\repos\school\asen5519\lab4.X\bjella_lab4.asm
             _.org_1_0008   0x000008    program     static C:\repos\school\asen5519\lab4.X\bjella_lab4.asm
             _.org_2_0018   0x000018    program     static C:\repos\school\asen5519\lab4.X\bjella_lab4.asm



                              Symbols - Sorted by Address
                     Name    Address   Location    Storage File                     
                ---------  ---------  ---------  --------- ---------                
             _.org_1_0008   0x000008    program     static C:\repos\school\asen5519\lab4.X\bjella_lab4.asm
             _.org_2_0018   0x000018    program     static C:\repos\school\asen5519\lab4.X\bjella_lab4.asm
                 Mainline   0x00001c    program     static C:\repos\school\asen5519\lab4.X\bjella_lab4.asm
                     Loop   0x00001e    program     static C:\repos\school\asen5519\lab4.X\bjella_lab4.asm
                    Loop1   0x000024    program     static C:\repos\school\asen5519\lab4.X\bjella_lab4.asm
                  Initial   0x00003e    program     static C:\repos\school\asen5519\lab4.X\bjella_lab4.asm
                  InitLCD   0x000086    program     static C:\repos\school\asen5519\lab4.X\bjella_lab4.asm
                       L5   0x00008a    program     static C:\repos\school\asen5519\lab4.X\bjella_lab4.asm
                       L6   0x00009c    program     static C:\repos\school\asen5519\lab4.X\bjella_lab4.asm
                 Wait1sec   0x0000b8    program     static C:\repos\school\asen5519\lab4.X\bjella_lab4.asm
                    Loop2   0x0000c6    program     static C:\repos\school\asen5519\lab4.X\bjella_lab4.asm
                Wait0d2ms   0x0000ce    program     static C:\repos\school\asen5519\lab4.X\bjella_lab4.asm
                Loop0d2ms   0x0000dc    program     static C:\repos\school\asen5519\lab4.X\bjella_lab4.asm
                  Wait1ms   0x0000e6    program     static C:\repos\school\asen5519\lab4.X\bjella_lab4.asm
                  Loop1ms   0x0000f4    program     static C:\repos\school\asen5519\lab4.X\bjella_lab4.asm
                Check_SW1   0x0000fe    program     static C:\repos\school\asen5519\lab4.X\bjella_lab4.asm
                  CLRVAL1   0x00010c    program     static C:\repos\school\asen5519\lab4.X\bjella_lab4.asm
                 DisplayC   0x000110    program     static C:\repos\school\asen5519\lab4.X\bjella_lab4.asm
                       L7   0x00011a    program     static C:\repos\school\asen5519\lab4.X\bjella_lab4.asm
                   LCDstr   0x000136    program     static C:\repos\school\asen5519\lab4.X\bjella_lab4.asm
                     NAME   0x00013e    program     static C:\repos\school\asen5519\lab4.X\bjella_lab4.asm
                     PWEQ   0x000146    program     static C:\repos\school\asen5519\lab4.X\bjella_lab4.asm
                   MSUNIT   0x00014c    program     static C:\repos\school\asen5519\lab4.X\bjella_lab4.asm


