MPLINK 5.08, LINKER
Linker Map File - Created Tue Sep 27 14:30:10 2016

                                 Section Info
                  Section       Type    Address   Location Size(Bytes)
                ---------  ---------  ---------  ---------  ---------
                   .org_0       code   0x000000    program   0x000006
                   .cinit    romdata   0x000006    program   0x000002
                   .org_1       code   0x000008    program   0x000004
                   .org_2       code   0x000018    program   0x00004e
.config_300000_BUILD/DEFAULT/PRODUCTION/LAB3_BJ    romdata   0x300000    program   0x000001
.config_300001_BUILD/DEFAULT/PRODUCTION/LAB3_BJ    romdata   0x300001    program   0x000001
.config_300002_BUILD/DEFAULT/PRODUCTION/LAB3_BJ    romdata   0x300002    program   0x000001
.config_300003_BUILD/DEFAULT/PRODUCTION/LAB3_BJ    romdata   0x300003    program   0x000001
.config_300005_BUILD/DEFAULT/PRODUCTION/LAB3_BJ    romdata   0x300005    program   0x000001



                              Program Memory Usage 
                               Start         End      
                           ---------   ---------      
                            0x000000    0x00000b      
                            0x000018    0x000065      
                            0x300000    0x300003      
                            0x300005    0x300005      
            95 out of 132120 program addresses used, program memory utilization is 0%



                              Symbols - Sorted by Name
                     Name    Address   Location    Storage File                     
                ---------  ---------  ---------  --------- ---------                
                Check_RPG   0x000064    program     static C:\repos\school\asen5519\lab3.X\lab3_bjella.asm
                Check_SW3   0x000062    program     static C:\repos\school\asen5519\lab3.X\lab3_bjella.asm
                  Initial   0x000022    program     static C:\repos\school\asen5519\lab3.X\lab3_bjella.asm
                     Loop   0x00001e    program     static C:\repos\school\asen5519\lab3.X\lab3_bjella.asm
                    Loop1   0x00005a    program     static C:\repos\school\asen5519\lab3.X\lab3_bjella.asm
                 Mainline   0x00001c    program     static C:\repos\school\asen5519\lab3.X\lab3_bjella.asm
                 Wait1sec   0x00004c    program     static C:\repos\school\asen5519\lab3.X\lab3_bjella.asm
                WaitXXXms   0x00004a    program     static C:\repos\school\asen5519\lab3.X\lab3_bjella.asm
             _.org_1_0008   0x000008    program     static C:\repos\school\asen5519\lab3.X\lab3_bjella.asm
             _.org_2_0018   0x000018    program     static C:\repos\school\asen5519\lab3.X\lab3_bjella.asm



                              Symbols - Sorted by Address
                     Name    Address   Location    Storage File                     
                ---------  ---------  ---------  --------- ---------                
             _.org_1_0008   0x000008    program     static C:\repos\school\asen5519\lab3.X\lab3_bjella.asm
             _.org_2_0018   0x000018    program     static C:\repos\school\asen5519\lab3.X\lab3_bjella.asm
                 Mainline   0x00001c    program     static C:\repos\school\asen5519\lab3.X\lab3_bjella.asm
                     Loop   0x00001e    program     static C:\repos\school\asen5519\lab3.X\lab3_bjella.asm
                  Initial   0x000022    program     static C:\repos\school\asen5519\lab3.X\lab3_bjella.asm
                WaitXXXms   0x00004a    program     static C:\repos\school\asen5519\lab3.X\lab3_bjella.asm
                 Wait1sec   0x00004c    program     static C:\repos\school\asen5519\lab3.X\lab3_bjella.asm
                    Loop1   0x00005a    program     static C:\repos\school\asen5519\lab3.X\lab3_bjella.asm
                Check_SW3   0x000062    program     static C:\repos\school\asen5519\lab3.X\lab3_bjella.asm
                Check_RPG   0x000064    program     static C:\repos\school\asen5519\lab3.X\lab3_bjella.asm


