MPLINK 5.08, LINKER
Linker Map File - Created Sun Oct 09 20:55:15 2016

                                 Section Info
                  Section       Type    Address   Location Size(Bytes)
                ---------  ---------  ---------  ---------  ---------
                   .org_0       code   0x000000    program   0x000006
                   .cinit    romdata   0x000006    program   0x000002
                   .org_1       code   0x000008    program   0x000004
                   .org_2       code   0x000018    program   0x000154
.config_300000_BUILD/DEFAULT/DEBUG/LAB4_EXAMPLE    romdata   0x300000    program   0x000001
.config_300001_BUILD/DEFAULT/DEBUG/LAB4_EXAMPLE    romdata   0x300001    program   0x000001
.config_300002_BUILD/DEFAULT/DEBUG/LAB4_EXAMPLE    romdata   0x300002    program   0x000001
.config_300003_BUILD/DEFAULT/DEBUG/LAB4_EXAMPLE    romdata   0x300003    program   0x000001
.config_300005_BUILD/DEFAULT/DEBUG/LAB4_EXAMPLE    romdata   0x300005    program   0x000001



                              Program Memory Usage 
                               Start         End      
                           ---------   ---------      
                            0x000000    0x00000b      
                            0x000018    0x00016b      
                            0x300000    0x300003      
                            0x300005    0x300005      
            357 out of 132120 program addresses used, program memory utilization is 0%



                              Symbols - Sorted by Name
                     Name    Address   Location    Storage File                     
                ---------  ---------  ---------  --------- ---------                
                   BYTE_1   0x000148    program     static C:\repos\school\asen5519\lab4example.X\lab4_example.asm
               BlinkAlive   0x0000f6    program     static C:\repos\school\asen5519\lab4example.X\lab4_example.asm
              ByteDisplay   0x000114    program     static C:\repos\school\asen5519\lab4example.X\lab4_example.asm
                 DisplayC   0x0000b4    program     static C:\repos\school\asen5519\lab4example.X\lab4_example.asm
                 DisplayV   0x0000da    program     static C:\repos\school\asen5519\lab4example.X\lab4_example.asm
                     END1   0x000102    program     static C:\repos\school\asen5519\lab4example.X\lab4_example.asm
                  InitLCD   0x000078    program     static C:\repos\school\asen5519\lab4example.X\lab4_example.asm
                  Initial   0x000030    program     static C:\repos\school\asen5519\lab4example.X\lab4_example.asm
                      L10   0x000122    program     static C:\repos\school\asen5519\lab4example.X\lab4_example.asm
                       L2   0x00007c    program     static C:\repos\school\asen5519\lab4example.X\lab4_example.asm
                       L3   0x00008e    program     static C:\repos\school\asen5519\lab4example.X\lab4_example.asm
                       L4   0x0000ae    program     static C:\repos\school\asen5519\lab4example.X\lab4_example.asm
                       L5   0x0000be    program     static C:\repos\school\asen5519\lab4example.X\lab4_example.asm
                       L7   0x0000dc    program     static C:\repos\school\asen5519\lab4example.X\lab4_example.asm
                    LCDcl   0x000152    program     static C:\repos\school\asen5519\lab4example.X\lab4_example.asm
                     LCDs   0x00015c    program     static C:\repos\school\asen5519\lab4example.X\lab4_example.asm
                    LCDs2   0x000164    program     static C:\repos\school\asen5519\lab4example.X\lab4_example.asm
                   LCDstr   0x000140    program     static C:\repos\school\asen5519\lab4example.X\lab4_example.asm
                     Loop   0x00001e    program     static C:\repos\school\asen5519\lab4example.X\lab4_example.asm
                 LoopTime   0x000104    program     static C:\repos\school\asen5519\lab4example.X\lab4_example.asm
                 Mainline   0x00001c    program     static C:\repos\school\asen5519\lab4example.X\lab4_example.asm
                      T40   0x0000aa    program     static C:\repos\school\asen5519\lab4example.X\lab4_example.asm
             _.org_1_0008   0x000008    program     static C:\repos\school\asen5519\lab4example.X\lab4_example.asm
             _.org_2_0018   0x000018    program     static C:\repos\school\asen5519\lab4example.X\lab4_example.asm



                              Symbols - Sorted by Address
                     Name    Address   Location    Storage File                     
                ---------  ---------  ---------  --------- ---------                
             _.org_1_0008   0x000008    program     static C:\repos\school\asen5519\lab4example.X\lab4_example.asm
             _.org_2_0018   0x000018    program     static C:\repos\school\asen5519\lab4example.X\lab4_example.asm
                 Mainline   0x00001c    program     static C:\repos\school\asen5519\lab4example.X\lab4_example.asm
                     Loop   0x00001e    program     static C:\repos\school\asen5519\lab4example.X\lab4_example.asm
                  Initial   0x000030    program     static C:\repos\school\asen5519\lab4example.X\lab4_example.asm
                  InitLCD   0x000078    program     static C:\repos\school\asen5519\lab4example.X\lab4_example.asm
                       L2   0x00007c    program     static C:\repos\school\asen5519\lab4example.X\lab4_example.asm
                       L3   0x00008e    program     static C:\repos\school\asen5519\lab4example.X\lab4_example.asm
                      T40   0x0000aa    program     static C:\repos\school\asen5519\lab4example.X\lab4_example.asm
                       L4   0x0000ae    program     static C:\repos\school\asen5519\lab4example.X\lab4_example.asm
                 DisplayC   0x0000b4    program     static C:\repos\school\asen5519\lab4example.X\lab4_example.asm
                       L5   0x0000be    program     static C:\repos\school\asen5519\lab4example.X\lab4_example.asm
                 DisplayV   0x0000da    program     static C:\repos\school\asen5519\lab4example.X\lab4_example.asm
                       L7   0x0000dc    program     static C:\repos\school\asen5519\lab4example.X\lab4_example.asm
               BlinkAlive   0x0000f6    program     static C:\repos\school\asen5519\lab4example.X\lab4_example.asm
                     END1   0x000102    program     static C:\repos\school\asen5519\lab4example.X\lab4_example.asm
                 LoopTime   0x000104    program     static C:\repos\school\asen5519\lab4example.X\lab4_example.asm
              ByteDisplay   0x000114    program     static C:\repos\school\asen5519\lab4example.X\lab4_example.asm
                      L10   0x000122    program     static C:\repos\school\asen5519\lab4example.X\lab4_example.asm
                   LCDstr   0x000140    program     static C:\repos\school\asen5519\lab4example.X\lab4_example.asm
                   BYTE_1   0x000148    program     static C:\repos\school\asen5519\lab4example.X\lab4_example.asm
                    LCDcl   0x000152    program     static C:\repos\school\asen5519\lab4example.X\lab4_example.asm
                     LCDs   0x00015c    program     static C:\repos\school\asen5519\lab4example.X\lab4_example.asm
                    LCDs2   0x000164    program     static C:\repos\school\asen5519\lab4example.X\lab4_example.asm


